Archive member included to satisfy reference by file (symbol)

c:/program files (x86)/atmel/studio/7.0/toolchain/avr8/avr8-gnu-toolchain/bin/../lib/gcc/avr/5.4.0/avr5\libgcc.a(_udivmodsi4.o)
                              HAL/lcd/LCD.o (__udivmodsi4)
c:/program files (x86)/atmel/studio/7.0/toolchain/avr8/avr8-gnu-toolchain/bin/../lib/gcc/avr/5.4.0/avr5\libgcc.a(_exit.o)
                              C:/Program Files (x86)/Atmel/Studio/7.0/Packs/Atmel/ATmega_DFP/1.7.374/gcc/dev/atmega32/avr5/crtatmega32.o (exit)
c:/program files (x86)/atmel/studio/7.0/toolchain/avr8/avr8-gnu-toolchain/bin/../lib/gcc/avr/5.4.0/avr5\libgcc.a(_copy_data.o)
                              APP/app.o (__do_copy_data)
c:/program files (x86)/atmel/studio/7.0/toolchain/avr8/avr8-gnu-toolchain/bin/../lib/gcc/avr/5.4.0/avr5\libgcc.a(_clear_bss.o)
                              APP/app.o (__do_clear_bss)

Discarded input sections

 .data          0x00000000        0x0 C:/Program Files (x86)/Atmel/Studio/7.0/Packs/Atmel/ATmega_DFP/1.7.374/gcc/dev/atmega32/avr5/crtatmega32.o
 .bss           0x00000000        0x0 C:/Program Files (x86)/Atmel/Studio/7.0/Packs/Atmel/ATmega_DFP/1.7.374/gcc/dev/atmega32/avr5/crtatmega32.o
 .text          0x00000000        0x0 APP/app.o
 .data          0x00000000        0x0 APP/app.o
 .bss           0x00000000        0x0 APP/app.o
 .text          0x00000000        0x0 HAL/lcd/LCD.o
 .data          0x00000000        0x0 HAL/lcd/LCD.o
 .bss           0x00000000        0x0 HAL/lcd/LCD.o
 .text.LCD_WRITE_DATA
                0x00000000       0xc8 HAL/lcd/LCD.o
 .text.LCD_Write_String
                0x00000000       0x2c HAL/lcd/LCD.o
 .text.LCD_Write_Number
                0x00000000       0xa8 HAL/lcd/LCD.o
 .text.LCD_Clear
                0x00000000        0x8 HAL/lcd/LCD.o
 .text.LCD_GoTo
                0x00000000       0x1c HAL/lcd/LCD.o
 .text.LCD_Write_Charecter
                0x00000000        0x6 HAL/lcd/LCD.o
 .text.LCD_Create_Charecter
                0x00000000       0x34 HAL/lcd/LCD.o
 .text          0x00000000        0x0 HAL/led/LED.o
 .data          0x00000000        0x0 HAL/led/LED.o
 .bss           0x00000000        0x0 HAL/led/LED.o
 .text.LED_OFF  0x00000000       0x12 HAL/led/LED.o
 .text          0x00000000        0x0 main.o
 .data          0x00000000        0x0 main.o
 .bss           0x00000000        0x0 main.o
 .text          0x00000000        0x0 MCAL/dio/dio.o
 .data          0x00000000        0x0 MCAL/dio/dio.o
 .bss           0x00000000        0x0 MCAL/dio/dio.o
 .text.DIO_READPIN
                0x00000000       0x98 MCAL/dio/dio.o
 .text.DIO_TogglePin
                0x00000000       0x82 MCAL/dio/dio.o
 .text.DIO_WritePort
                0x00000000       0x20 MCAL/dio/dio.o
 .text.DIO_Init_MCU
                0x00000000       0x26 MCAL/dio/dio.o
 .text.DIO_Init
                0x00000000       0x2a MCAL/dio/dio.o
 .text          0x00000000        0x0 MCAL/dio/dio_lcfg.o
 .data          0x00000000        0x0 MCAL/dio/dio_lcfg.o
 .bss           0x00000000        0x0 MCAL/dio/dio_lcfg.o
 .data.dio_arr  0x00000000       0x26 MCAL/dio/dio_lcfg.o
 .rodata.PinsStatusArray
                0x00000000       0x20 MCAL/dio/dio_lcfg.o
 .debug_info    0x00000000      0x1ce MCAL/dio/dio_lcfg.o
 .debug_abbrev  0x00000000       0x95 MCAL/dio/dio_lcfg.o
 .debug_aranges
                0x00000000       0x18 MCAL/dio/dio_lcfg.o
 .debug_line    0x00000000       0x3d MCAL/dio/dio_lcfg.o
 .debug_str     0x00000000      0x280 MCAL/dio/dio_lcfg.o
 .comment       0x00000000       0x31 MCAL/dio/dio_lcfg.o
 .text          0x00000000        0x0 MCAL/uart/uart.o
 .data          0x00000000        0x0 MCAL/uart/uart.o
 .bss           0x00000000        0x0 MCAL/uart/uart.o
 .text.UART_transmit
                0x00000000        0x8 MCAL/uart/uart.o
 .text.UART_receive
                0x00000000        0x8 MCAL/uart/uart.o
 .text          0x00000000        0x0 MCAL/uart/uart_lcfg.o
 .data          0x00000000        0x0 MCAL/uart/uart_lcfg.o
 .bss           0x00000000        0x0 MCAL/uart/uart_lcfg.o
 .text          0x00000000        0x0 Service/bcm/bcm.o
 .data          0x00000000        0x0 Service/bcm/bcm.o
 .bss           0x00000000        0x0 Service/bcm/bcm.o
 .text.bcm_send
                0x00000000        0x6 Service/bcm/bcm.o
 .text.get_flag
                0x00000000        0x6 Service/bcm/bcm.o
 .text          0x00000000        0x0 c:/program files (x86)/atmel/studio/7.0/toolchain/avr8/avr8-gnu-toolchain/bin/../lib/gcc/avr/5.4.0/avr5\libgcc.a(_udivmodsi4.o)
 .data          0x00000000        0x0 c:/program files (x86)/atmel/studio/7.0/toolchain/avr8/avr8-gnu-toolchain/bin/../lib/gcc/avr/5.4.0/avr5\libgcc.a(_udivmodsi4.o)
 .bss           0x00000000        0x0 c:/program files (x86)/atmel/studio/7.0/toolchain/avr8/avr8-gnu-toolchain/bin/../lib/gcc/avr/5.4.0/avr5\libgcc.a(_udivmodsi4.o)
 .text.libgcc.mul
                0x00000000        0x0 c:/program files (x86)/atmel/studio/7.0/toolchain/avr8/avr8-gnu-toolchain/bin/../lib/gcc/avr/5.4.0/avr5\libgcc.a(_udivmodsi4.o)
 .text.libgcc.div
                0x00000000       0x44 c:/program files (x86)/atmel/studio/7.0/toolchain/avr8/avr8-gnu-toolchain/bin/../lib/gcc/avr/5.4.0/avr5\libgcc.a(_udivmodsi4.o)
 .text.libgcc   0x00000000        0x0 c:/program files (x86)/atmel/studio/7.0/toolchain/avr8/avr8-gnu-toolchain/bin/../lib/gcc/avr/5.4.0/avr5\libgcc.a(_udivmodsi4.o)
 .text.libgcc.prologue
                0x00000000        0x0 c:/program files (x86)/atmel/studio/7.0/toolchain/avr8/avr8-gnu-toolchain/bin/../lib/gcc/avr/5.4.0/avr5\libgcc.a(_udivmodsi4.o)
 .text.libgcc.builtins
                0x00000000        0x0 c:/program files (x86)/atmel/studio/7.0/toolchain/avr8/avr8-gnu-toolchain/bin/../lib/gcc/avr/5.4.0/avr5\libgcc.a(_udivmodsi4.o)
 .text.libgcc.fmul
                0x00000000        0x0 c:/program files (x86)/atmel/studio/7.0/toolchain/avr8/avr8-gnu-toolchain/bin/../lib/gcc/avr/5.4.0/avr5\libgcc.a(_udivmodsi4.o)
 .text.libgcc.fixed
                0x00000000        0x0 c:/program files (x86)/atmel/studio/7.0/toolchain/avr8/avr8-gnu-toolchain/bin/../lib/gcc/avr/5.4.0/avr5\libgcc.a(_udivmodsi4.o)
 .text          0x00000000        0x0 c:/program files (x86)/atmel/studio/7.0/toolchain/avr8/avr8-gnu-toolchain/bin/../lib/gcc/avr/5.4.0/avr5\libgcc.a(_exit.o)
 .data          0x00000000        0x0 c:/program files (x86)/atmel/studio/7.0/toolchain/avr8/avr8-gnu-toolchain/bin/../lib/gcc/avr/5.4.0/avr5\libgcc.a(_exit.o)
 .bss           0x00000000        0x0 c:/program files (x86)/atmel/studio/7.0/toolchain/avr8/avr8-gnu-toolchain/bin/../lib/gcc/avr/5.4.0/avr5\libgcc.a(_exit.o)
 .text.libgcc.mul
                0x00000000        0x0 c:/program files (x86)/atmel/studio/7.0/toolchain/avr8/avr8-gnu-toolchain/bin/../lib/gcc/avr/5.4.0/avr5\libgcc.a(_exit.o)
 .text.libgcc.div
                0x00000000        0x0 c:/program files (x86)/atmel/studio/7.0/toolchain/avr8/avr8-gnu-toolchain/bin/../lib/gcc/avr/5.4.0/avr5\libgcc.a(_exit.o)
 .text.libgcc   0x00000000        0x0 c:/program files (x86)/atmel/studio/7.0/toolchain/avr8/avr8-gnu-toolchain/bin/../lib/gcc/avr/5.4.0/avr5\libgcc.a(_exit.o)
 .text.libgcc.prologue
                0x00000000        0x0 c:/program files (x86)/atmel/studio/7.0/toolchain/avr8/avr8-gnu-toolchain/bin/../lib/gcc/avr/5.4.0/avr5\libgcc.a(_exit.o)
 .text.libgcc.builtins
                0x00000000        0x0 c:/program files (x86)/atmel/studio/7.0/toolchain/avr8/avr8-gnu-toolchain/bin/../lib/gcc/avr/5.4.0/avr5\libgcc.a(_exit.o)
 .text.libgcc.fmul
                0x00000000        0x0 c:/program files (x86)/atmel/studio/7.0/toolchain/avr8/avr8-gnu-toolchain/bin/../lib/gcc/avr/5.4.0/avr5\libgcc.a(_exit.o)
 .text.libgcc.fixed
                0x00000000        0x0 c:/program files (x86)/atmel/studio/7.0/toolchain/avr8/avr8-gnu-toolchain/bin/../lib/gcc/avr/5.4.0/avr5\libgcc.a(_exit.o)
 .text          0x00000000        0x0 c:/program files (x86)/atmel/studio/7.0/toolchain/avr8/avr8-gnu-toolchain/bin/../lib/gcc/avr/5.4.0/avr5\libgcc.a(_copy_data.o)
 .data          0x00000000        0x0 c:/program files (x86)/atmel/studio/7.0/toolchain/avr8/avr8-gnu-toolchain/bin/../lib/gcc/avr/5.4.0/avr5\libgcc.a(_copy_data.o)
 .bss           0x00000000        0x0 c:/program files (x86)/atmel/studio/7.0/toolchain/avr8/avr8-gnu-toolchain/bin/../lib/gcc/avr/5.4.0/avr5\libgcc.a(_copy_data.o)
 .text.libgcc.mul
                0x00000000        0x0 c:/program files (x86)/atmel/studio/7.0/toolchain/avr8/avr8-gnu-toolchain/bin/../lib/gcc/avr/5.4.0/avr5\libgcc.a(_copy_data.o)
 .text.libgcc.div
                0x00000000        0x0 c:/program files (x86)/atmel/studio/7.0/toolchain/avr8/avr8-gnu-toolchain/bin/../lib/gcc/avr/5.4.0/avr5\libgcc.a(_copy_data.o)
 .text.libgcc   0x00000000        0x0 c:/program files (x86)/atmel/studio/7.0/toolchain/avr8/avr8-gnu-toolchain/bin/../lib/gcc/avr/5.4.0/avr5\libgcc.a(_copy_data.o)
 .text.libgcc.prologue
                0x00000000        0x0 c:/program files (x86)/atmel/studio/7.0/toolchain/avr8/avr8-gnu-toolchain/bin/../lib/gcc/avr/5.4.0/avr5\libgcc.a(_copy_data.o)
 .text.libgcc.builtins
                0x00000000        0x0 c:/program files (x86)/atmel/studio/7.0/toolchain/avr8/avr8-gnu-toolchain/bin/../lib/gcc/avr/5.4.0/avr5\libgcc.a(_copy_data.o)
 .text.libgcc.fmul
                0x00000000        0x0 c:/program files (x86)/atmel/studio/7.0/toolchain/avr8/avr8-gnu-toolchain/bin/../lib/gcc/avr/5.4.0/avr5\libgcc.a(_copy_data.o)
 .text.libgcc.fixed
                0x00000000        0x0 c:/program files (x86)/atmel/studio/7.0/toolchain/avr8/avr8-gnu-toolchain/bin/../lib/gcc/avr/5.4.0/avr5\libgcc.a(_copy_data.o)
 .text          0x00000000        0x0 c:/program files (x86)/atmel/studio/7.0/toolchain/avr8/avr8-gnu-toolchain/bin/../lib/gcc/avr/5.4.0/avr5\libgcc.a(_clear_bss.o)
 .data          0x00000000        0x0 c:/program files (x86)/atmel/studio/7.0/toolchain/avr8/avr8-gnu-toolchain/bin/../lib/gcc/avr/5.4.0/avr5\libgcc.a(_clear_bss.o)
 .bss           0x00000000        0x0 c:/program files (x86)/atmel/studio/7.0/toolchain/avr8/avr8-gnu-toolchain/bin/../lib/gcc/avr/5.4.0/avr5\libgcc.a(_clear_bss.o)
 .text.libgcc.mul
                0x00000000        0x0 c:/program files (x86)/atmel/studio/7.0/toolchain/avr8/avr8-gnu-toolchain/bin/../lib/gcc/avr/5.4.0/avr5\libgcc.a(_clear_bss.o)
 .text.libgcc.div
                0x00000000        0x0 c:/program files (x86)/atmel/studio/7.0/toolchain/avr8/avr8-gnu-toolchain/bin/../lib/gcc/avr/5.4.0/avr5\libgcc.a(_clear_bss.o)
 .text.libgcc   0x00000000        0x0 c:/program files (x86)/atmel/studio/7.0/toolchain/avr8/avr8-gnu-toolchain/bin/../lib/gcc/avr/5.4.0/avr5\libgcc.a(_clear_bss.o)
 .text.libgcc.prologue
                0x00000000        0x0 c:/program files (x86)/atmel/studio/7.0/toolchain/avr8/avr8-gnu-toolchain/bin/../lib/gcc/avr/5.4.0/avr5\libgcc.a(_clear_bss.o)
 .text.libgcc.builtins
                0x00000000        0x0 c:/program files (x86)/atmel/studio/7.0/toolchain/avr8/avr8-gnu-toolchain/bin/../lib/gcc/avr/5.4.0/avr5\libgcc.a(_clear_bss.o)
 .text.libgcc.fmul
                0x00000000        0x0 c:/program files (x86)/atmel/studio/7.0/toolchain/avr8/avr8-gnu-toolchain/bin/../lib/gcc/avr/5.4.0/avr5\libgcc.a(_clear_bss.o)
 .text.libgcc.fixed
                0x00000000        0x0 c:/program files (x86)/atmel/studio/7.0/toolchain/avr8/avr8-gnu-toolchain/bin/../lib/gcc/avr/5.4.0/avr5\libgcc.a(_clear_bss.o)

Memory Configuration

Name             Origin             Length             Attributes
text             0x00000000         0x00008000         xr
data             0x00800060         0x00000800         rw !x
eeprom           0x00810000         0x00000400         rw !x
fuse             0x00820000         0x00000002         rw !x
lock             0x00830000         0x00000400         rw !x
signature        0x00840000         0x00000400         rw !x
user_signatures  0x00850000         0x00000400         rw !x
*default*        0x00000000         0xffffffff

Linker script and memory map

LOAD C:/Program Files (x86)/Atmel/Studio/7.0/Packs/Atmel/ATmega_DFP/1.7.374/gcc/dev/atmega32/avr5/crtatmega32.o
LOAD APP/app.o
LOAD HAL/lcd/LCD.o
LOAD HAL/led/LED.o
LOAD main.o
LOAD MCAL/dio/dio.o
LOAD MCAL/dio/dio_lcfg.o
LOAD MCAL/uart/uart.o
LOAD MCAL/uart/uart_lcfg.o
LOAD Service/bcm/bcm.o
START GROUP
LOAD c:/program files (x86)/atmel/studio/7.0/toolchain/avr8/avr8-gnu-toolchain/bin/../lib/gcc/avr/5.4.0/../../../../avr/lib/avr5\libm.a
END GROUP
START GROUP
LOAD c:/program files (x86)/atmel/studio/7.0/toolchain/avr8/avr8-gnu-toolchain/bin/../lib/gcc/avr/5.4.0/avr5\libgcc.a
LOAD c:/program files (x86)/atmel/studio/7.0/toolchain/avr8/avr8-gnu-toolchain/bin/../lib/gcc/avr/5.4.0/../../../../avr/lib/avr5\libm.a
LOAD c:/program files (x86)/atmel/studio/7.0/toolchain/avr8/avr8-gnu-toolchain/bin/../lib/gcc/avr/5.4.0/../../../../avr/lib/avr5\libc.a
LOAD C:/Program Files (x86)/Atmel/Studio/7.0/Packs/Atmel/ATmega_DFP/1.7.374/gcc/dev/atmega32/avr5\libatmega32.a
END GROUP
                [0x00008000]                __TEXT_REGION_LENGTH__ = DEFINED (__TEXT_REGION_LENGTH__)?__TEXT_REGION_LENGTH__:0x20000
                [0x00000800]                __DATA_REGION_LENGTH__ = DEFINED (__DATA_REGION_LENGTH__)?__DATA_REGION_LENGTH__:0xffa0
                [0x00000400]                __EEPROM_REGION_LENGTH__ = DEFINED (__EEPROM_REGION_LENGTH__)?__EEPROM_REGION_LENGTH__:0x10000
                [0x00000002]                __FUSE_REGION_LENGTH__ = DEFINED (__FUSE_REGION_LENGTH__)?__FUSE_REGION_LENGTH__:0x400
                0x00000400                __LOCK_REGION_LENGTH__ = DEFINED (__LOCK_REGION_LENGTH__)?__LOCK_REGION_LENGTH__:0x400
                0x00000400                __SIGNATURE_REGION_LENGTH__ = DEFINED (__SIGNATURE_REGION_LENGTH__)?__SIGNATURE_REGION_LENGTH__:0x400
                0x00000400                __USER_SIGNATURE_REGION_LENGTH__ = DEFINED (__USER_SIGNATURE_REGION_LENGTH__)?__USER_SIGNATURE_REGION_LENGTH__:0x400

.hash
 *(.hash)

.dynsym
 *(.dynsym)

.dynstr
 *(.dynstr)

.gnu.version
 *(.gnu.version)

.gnu.version_d
 *(.gnu.version_d)

.gnu.version_r
 *(.gnu.version_r)

.rel.init
 *(.rel.init)

.rela.init
 *(.rela.init)

.rel.text
 *(.rel.text)
 *(.rel.text.*)
 *(.rel.gnu.linkonce.t*)

.rela.text
 *(.rela.text)
 *(.rela.text.*)
 *(.rela.gnu.linkonce.t*)

.rel.fini
 *(.rel.fini)

.rela.fini
 *(.rela.fini)

.rel.rodata
 *(.rel.rodata)
 *(.rel.rodata.*)
 *(.rel.gnu.linkonce.r*)

.rela.rodata
 *(.rela.rodata)
 *(.rela.rodata.*)
 *(.rela.gnu.linkonce.r*)

.rel.data
 *(.rel.data)
 *(.rel.data.*)
 *(.rel.gnu.linkonce.d*)

.rela.data
 *(.rela.data)
 *(.rela.data.*)
 *(.rela.gnu.linkonce.d*)

.rel.ctors
 *(.rel.ctors)

.rela.ctors
 *(.rela.ctors)

.rel.dtors
 *(.rel.dtors)

.rela.dtors
 *(.rela.dtors)

.rel.got
 *(.rel.got)

.rela.got
 *(.rela.got)

.rel.bss
 *(.rel.bss)

.rela.bss
 *(.rela.bss)

.rel.plt
 *(.rel.plt)

.rela.plt
 *(.rela.plt)

.text           0x00000000      0xcbe
 *(.vectors)
 .vectors       0x00000000       0x54 C:/Program Files (x86)/Atmel/Studio/7.0/Packs/Atmel/ATmega_DFP/1.7.374/gcc/dev/atmega32/avr5/crtatmega32.o
                0x00000000                __vector_default
                0x00000000                __vectors
 *(.vectors)
 *(.progmem.gcc*)
                0x00000054                . = ALIGN (0x2)
                0x00000054                __trampolines_start = .
 *(.trampolines)
 .trampolines   0x00000054        0x0 linker stubs
 *(.trampolines*)
                0x00000054                __trampolines_end = .
 *libprintf_flt.a:*(.progmem.data)
 *libc.a:*(.progmem.data)
 *(.progmem*)
                0x00000054                . = ALIGN (0x2)
 *(.jumptables)
 *(.jumptables*)
 *(.lowtext)
 *(.lowtext*)
                0x00000054                __ctors_start = .
 *(.ctors)
                0x00000054                __ctors_end = .
                0x00000054                __dtors_start = .
 *(.dtors)
                0x00000054                __dtors_end = .
 SORT(*)(.ctors)
 SORT(*)(.dtors)
 *(.init0)
 .init0         0x00000054        0x0 C:/Program Files (x86)/Atmel/Studio/7.0/Packs/Atmel/ATmega_DFP/1.7.374/gcc/dev/atmega32/avr5/crtatmega32.o
                0x00000054                __init
 *(.init0)
 *(.init1)
 *(.init1)
 *(.init2)
 .init2         0x00000054        0xc C:/Program Files (x86)/Atmel/Studio/7.0/Packs/Atmel/ATmega_DFP/1.7.374/gcc/dev/atmega32/avr5/crtatmega32.o
 *(.init2)
 *(.init3)
 *(.init3)
 *(.init4)
 .init4         0x00000060       0x16 c:/program files (x86)/atmel/studio/7.0/toolchain/avr8/avr8-gnu-toolchain/bin/../lib/gcc/avr/5.4.0/avr5\libgcc.a(_copy_data.o)
                0x00000060                __do_copy_data
 .init4         0x00000076       0x10 c:/program files (x86)/atmel/studio/7.0/toolchain/avr8/avr8-gnu-toolchain/bin/../lib/gcc/avr/5.4.0/avr5\libgcc.a(_clear_bss.o)
                0x00000076                __do_clear_bss
 *(.init4)
 *(.init5)
 *(.init5)
 *(.init6)
 *(.init6)
 *(.init7)
 *(.init7)
 *(.init8)
 *(.init8)
 *(.init9)
 .init9         0x00000086        0x8 C:/Program Files (x86)/Atmel/Studio/7.0/Packs/Atmel/ATmega_DFP/1.7.374/gcc/dev/atmega32/avr5/crtatmega32.o
 *(.init9)
 *(.text)
 .text          0x0000008e        0x4 C:/Program Files (x86)/Atmel/Studio/7.0/Packs/Atmel/ATmega_DFP/1.7.374/gcc/dev/atmega32/avr5/crtatmega32.o
                0x0000008e                __vector_1
                0x0000008e                __vector_12
                0x0000008e                __bad_interrupt
                0x0000008e                __vector_6
                0x0000008e                __vector_3
                0x0000008e                __vector_11
                0x0000008e                __vector_17
                0x0000008e                __vector_19
                0x0000008e                __vector_7
                0x0000008e                __vector_5
                0x0000008e                __vector_4
                0x0000008e                __vector_9
                0x0000008e                __vector_2
                0x0000008e                __vector_8
                0x0000008e                __vector_14
                0x0000008e                __vector_10
                0x0000008e                __vector_16
                0x0000008e                __vector_18
                0x0000008e                __vector_20
                0x00000092                . = ALIGN (0x2)
 *(.text.*)
 .text.Func_after_Send
                0x00000092        0x8 APP/app.o
                0x00000092                Func_after_Send
 .text.Func_after_Receive
                0x0000009a        0x8 APP/app.o
                0x0000009a                Func_after_Receive
 .text.APP_Init
                0x000000a2       0x28 APP/app.o
                0x000000a2                APP_Init
 .text.APP_Start
                0x000000ca       0x26 APP/app.o
                0x000000ca                APP_Start
 .text.LCD_WRITE_COMMAND
                0x000000f0       0xc8 HAL/lcd/LCD.o
                0x000000f0                LCD_WRITE_COMMAND
 .text.LCD_INIT
                0x000001b8       0xa0 HAL/lcd/LCD.o
                0x000001b8                LCD_INIT
 .text.LED_INIT
                0x00000258       0x12 HAL/led/LED.o
                0x00000258                LED_INIT
 .text.LED_ON   0x0000026a       0x12 HAL/led/LED.o
                0x0000026a                LED_ON
 .text.main     0x0000027c        0xa main.o
                0x0000027c                main
 .text.DIO_INITPIN
                0x00000286      0x204 MCAL/dio/dio.o
                0x00000286                DIO_INITPIN
 .text.DIO_WRITEPIN
                0x0000048a      0x13a MCAL/dio/dio.o
                0x0000048a                DIO_WRITEPIN
 .text.UART_init
                0x000005c4      0x3d0 MCAL/uart/uart.o
                0x000005c4                UART_init
 .text.UART_transmit_NoBlock
                0x00000994        0x4 MCAL/uart/uart.o
                0x00000994                UART_transmit_NoBlock
 .text.UART_receive_NoBlock
                0x00000998        0x4 MCAL/uart/uart.o
                0x00000998                UART_receive_NoBlock
 .text.UART_TX_INTENABLE
                0x0000099c        0x4 MCAL/uart/uart.o
                0x0000099c                UART_TX_INTENABLE
 .text.UART_RX_INTENABLE
                0x000009a0        0x4 MCAL/uart/uart.o
                0x000009a0                UART_RX_INTENABLE
 .text.UART_TX_INTDISABLE
                0x000009a4        0x4 MCAL/uart/uart.o
                0x000009a4                UART_TX_INTDISABLE
 .text.UART_RX_INTDISABLE
                0x000009a8        0x4 MCAL/uart/uart.o
                0x000009a8                UART_RX_INTDISABLE
 .text.UART_SetCallBack
                0x000009ac       0x1c MCAL/uart/uart.o
                0x000009ac                UART_SetCallBack
 .text.__vector_15
                0x000009c8       0x52 MCAL/uart/uart.o
                0x000009c8                __vector_15
 .text.__vector_13
                0x00000a1a       0x52 MCAL/uart/uart.o
                0x00000a1a                __vector_13
 .text.BCM_Dispatcher_Transmit_Handler
                0x00000a6c       0xa0 Service/bcm/bcm.o
                0x00000a6c                BCM_Dispatcher_Transmit_Handler
 .text.BCM_Dispatcher_Receive_Handler
                0x00000b0c       0xb2 Service/bcm/bcm.o
                0x00000b0c                BCM_Dispatcher_Receive_Handler
 .text.bcm_init
                0x00000bbe        0xa Service/bcm/bcm.o
                0x00000bbe                bcm_init
 .text.bcm_send_n
                0x00000bc8       0x70 Service/bcm/bcm.o
                0x00000bc8                bcm_send_n
 .text.bcm_receive
                0x00000c38       0x66 Service/bcm/bcm.o
                0x00000c38                bcm_receive
 .text.BCM_SetCallBack
                0x00000c9e       0x1c Service/bcm/bcm.o
                0x00000c9e                BCM_SetCallBack
                0x00000cba                . = ALIGN (0x2)
 *(.fini9)
 .fini9         0x00000cba        0x0 c:/program files (x86)/atmel/studio/7.0/toolchain/avr8/avr8-gnu-toolchain/bin/../lib/gcc/avr/5.4.0/avr5\libgcc.a(_exit.o)
                0x00000cba                _exit
                0x00000cba                exit
 *(.fini9)
 *(.fini8)
 *(.fini8)
 *(.fini7)
 *(.fini7)
 *(.fini6)
 *(.fini6)
 *(.fini5)
 *(.fini5)
 *(.fini4)
 *(.fini4)
 *(.fini3)
 *(.fini3)
 *(.fini2)
 *(.fini2)
 *(.fini1)
 *(.fini1)
 *(.fini0)
 .fini0         0x00000cba        0x4 c:/program files (x86)/atmel/studio/7.0/toolchain/avr8/avr8-gnu-toolchain/bin/../lib/gcc/avr/5.4.0/avr5\libgcc.a(_exit.o)
 *(.fini0)
                0x00000cbe                _etext = .

.data           0x00800060       0x22 load address 0x00000cbe
                0x00800060                PROVIDE (__data_start, .)
 *(.data)
 *(.data*)
 .data.uart_lcfg_arr
                0x00800060       0x12 MCAL/uart/uart_lcfg.o
                0x00800060                uart_lcfg_arr
 .data.index.2006
                0x00800072        0x1 Service/bcm/bcm.o
 *(.gnu.linkonce.d*)
 *(.rodata)
 *(.rodata*)
 .rodata.str1.1
                0x00800073        0xe APP/app.o
 *(.gnu.linkonce.r*)
                0x00800082                . = ALIGN (0x2)
 *fill*         0x00800081        0x1 
                0x00800082                _edata = .
                0x00800082                PROVIDE (__data_end, .)

.bss            0x00800082      0x1a0
                0x00800082                PROVIDE (__bss_start, .)
 *(.bss)
 *(.bss*)
 .bss.str       0x00800082       0xc8 APP/app.o
 .bss.UART_RECE_Fptr
                0x0080014a        0x2 MCAL/uart/uart.o
 .bss.UART_TRANS_Fptr
                0x0080014c        0x2 MCAL/uart/uart.o
 .bss.i.2010    0x0080014e        0x1 Service/bcm/bcm.o
 .bss.ptr.2011  0x0080014f        0x1 Service/bcm/bcm.o
 .bss.ptr.2005  0x00800150        0x1 Service/bcm/bcm.o
 .bss.i.1998    0x00800151        0x1 Service/bcm/bcm.o
 .bss.i.1994    0x00800152        0x1 Service/bcm/bcm.o
 .bss.Status    0x00800153        0x1 Service/bcm/bcm.o
                0x00800153                Status
 .bss.rece_flag
                0x00800154        0x1 Service/bcm/bcm.o
 .bss.send_flag
                0x00800155        0x1 Service/bcm/bcm.o
 .bss.ptr_arr_rece
                0x00800156       0x64 Service/bcm/bcm.o
                0x00800156                ptr_arr_rece
 .bss.ptr_arr_send
                0x008001ba       0x64 Service/bcm/bcm.o
                0x008001ba                ptr_arr_send
 .bss.BCM_RECE_Fptr
                0x0080021e        0x2 Service/bcm/bcm.o
 .bss.BCM_Send_Fptr
                0x00800220        0x2 Service/bcm/bcm.o
 *(COMMON)
                0x00800222                PROVIDE (__bss_end, .)
                0x00000cbe                __data_load_start = LOADADDR (.data)
                0x00000ce0                __data_load_end = (__data_load_start + SIZEOF (.data))

.noinit         0x00800222        0x0
                [!provide]                PROVIDE (__noinit_start, .)
 *(.noinit*)
                [!provide]                PROVIDE (__noinit_end, .)
                0x00800222                _end = .
                [!provide]                PROVIDE (__heap_start, .)

.eeprom         0x00810000        0x0
 *(.eeprom*)
                0x00810000                __eeprom_end = .

.fuse
 *(.fuse)
 *(.lfuse)
 *(.hfuse)
 *(.efuse)

.lock
 *(.lock*)

.signature
 *(.signature*)

.user_signatures
 *(.user_signatures*)

.stab
 *(.stab)

.stabstr
 *(.stabstr)

.stab.excl
 *(.stab.excl)

.stab.exclstr
 *(.stab.exclstr)

.stab.index
 *(.stab.index)

.stab.indexstr
 *(.stab.indexstr)

.comment        0x00000000       0x30
 *(.comment)
 .comment       0x00000000       0x30 APP/app.o
                                 0x31 (size before relaxing)
 .comment       0x00000030       0x31 HAL/lcd/LCD.o
 .comment       0x00000030       0x31 HAL/led/LED.o
 .comment       0x00000030       0x31 main.o
 .comment       0x00000030       0x31 MCAL/dio/dio.o
 .comment       0x00000030       0x31 MCAL/uart/uart.o
 .comment       0x00000030       0x31 MCAL/uart/uart_lcfg.o
 .comment       0x00000030       0x31 Service/bcm/bcm.o

.note.gnu.avr.deviceinfo
                0x00000000       0x3c
 .note.gnu.avr.deviceinfo
                0x00000000       0x3c C:/Program Files (x86)/Atmel/Studio/7.0/Packs/Atmel/ATmega_DFP/1.7.374/gcc/dev/atmega32/avr5/crtatmega32.o

.note.gnu.build-id
 *(.note.gnu.build-id)

.debug
 *(.debug)

.line
 *(.line)

.debug_srcinfo
 *(.debug_srcinfo)

.debug_sfnames
 *(.debug_sfnames)

.debug_aranges  0x00000000      0x220
 *(.debug_aranges)
 .debug_aranges
                0x00000000       0x38 APP/app.o
 .debug_aranges
                0x00000038       0x60 HAL/lcd/LCD.o
 .debug_aranges
                0x00000098       0x30 HAL/led/LED.o
 .debug_aranges
                0x000000c8       0x20 main.o
 .debug_aranges
                0x000000e8       0x50 MCAL/dio/dio.o
 .debug_aranges
                0x00000138       0x78 MCAL/uart/uart.o
 .debug_aranges
                0x000001b0       0x18 MCAL/uart/uart_lcfg.o
 .debug_aranges
                0x000001c8       0x58 Service/bcm/bcm.o

.debug_pubnames
 *(.debug_pubnames)

.debug_info     0x00000000     0x2848
 *(.debug_info .gnu.linkonce.wi.*)
 .debug_info    0x00000000      0x4e6 C:/Program Files (x86)/Atmel/Studio/7.0/Packs/Atmel/ATmega_DFP/1.7.374/gcc/dev/atmega32/avr5/crtatmega32.o
 .debug_info    0x000004e6      0x384 APP/app.o
 .debug_info    0x0000086a      0xb64 HAL/lcd/LCD.o
 .debug_info    0x000013ce      0x2e0 HAL/led/LED.o
 .debug_info    0x000016ae      0x19c main.o
 .debug_info    0x0000184a      0x46a MCAL/dio/dio.o
 .debug_info    0x00001cb4      0x409 MCAL/uart/uart.o
 .debug_info    0x000020bd      0x204 MCAL/uart/uart_lcfg.o
 .debug_info    0x000022c1      0x587 Service/bcm/bcm.o

.debug_abbrev   0x00000000      0xd8c
 *(.debug_abbrev)
 .debug_abbrev  0x00000000      0x4a3 C:/Program Files (x86)/Atmel/Studio/7.0/Packs/Atmel/ATmega_DFP/1.7.374/gcc/dev/atmega32/avr5/crtatmega32.o
 .debug_abbrev  0x000004a3       0xee APP/app.o
 .debug_abbrev  0x00000591      0x176 HAL/lcd/LCD.o
 .debug_abbrev  0x00000707       0xb2 HAL/led/LED.o
 .debug_abbrev  0x000007b9       0x9f main.o
 .debug_abbrev  0x00000858      0x1a2 MCAL/dio/dio.o
 .debug_abbrev  0x000009fa      0x140 MCAL/uart/uart.o
 .debug_abbrev  0x00000b3a       0x7f MCAL/uart/uart_lcfg.o
 .debug_abbrev  0x00000bb9      0x1d3 Service/bcm/bcm.o

.debug_line     0x00000000     0x12b2
 *(.debug_line .debug_line.* .debug_line_end)
 .debug_line    0x00000000      0x116 C:/Program Files (x86)/Atmel/Studio/7.0/Packs/Atmel/ATmega_DFP/1.7.374/gcc/dev/atmega32/avr5/crtatmega32.o
 .debug_line    0x00000116      0x1b8 APP/app.o
 .debug_line    0x000002ce      0x3b6 HAL/lcd/LCD.o
 .debug_line    0x00000684       0xe2 HAL/led/LED.o
 .debug_line    0x00000766       0x98 main.o
 .debug_line    0x000007fe      0x3a7 MCAL/dio/dio.o
 .debug_line    0x00000ba5      0x419 MCAL/uart/uart.o
 .debug_line    0x00000fbe       0x40 MCAL/uart/uart_lcfg.o
 .debug_line    0x00000ffe      0x2b4 Service/bcm/bcm.o

.debug_frame    0x00000000      0x48c
 *(.debug_frame)
 .debug_frame   0x00000000       0x54 APP/app.o
 .debug_frame   0x00000054      0x10c HAL/lcd/LCD.o
 .debug_frame   0x00000160       0x44 HAL/led/LED.o
 .debug_frame   0x000001a4       0x24 main.o
 .debug_frame   0x000001c8       0xa8 MCAL/dio/dio.o
 .debug_frame   0x00000270      0x164 MCAL/uart/uart.o
 .debug_frame   0x000003d4       0xb8 Service/bcm/bcm.o

.debug_str      0x00000000      0xce4
 *(.debug_str)
 .debug_str     0x00000000      0x196 C:/Program Files (x86)/Atmel/Studio/7.0/Packs/Atmel/ATmega_DFP/1.7.374/gcc/dev/atmega32/avr5/crtatmega32.o
 .debug_str     0x00000196      0x2c4 APP/app.o
                                0x2f8 (size before relaxing)
 .debug_str     0x0000045a      0x182 HAL/lcd/LCD.o
                                0x3cf (size before relaxing)
 .debug_str     0x000005dc       0x7d HAL/led/LED.o
                                0x2c1 (size before relaxing)
 .debug_str     0x00000659       0x11 main.o
                                0x16b (size before relaxing)
 .debug_str     0x0000066a      0x122 MCAL/dio/dio.o
                                0x392 (size before relaxing)
 .debug_str     0x0000078c      0x3eb MCAL/uart/uart.o
                                0x549 (size before relaxing)
 .debug_str     0x00000b77       0x19 MCAL/uart/uart_lcfg.o
                                0x404 (size before relaxing)
 .debug_str     0x00000b90      0x154 Service/bcm/bcm.o
                                0x4ae (size before relaxing)

.debug_loc      0x00000000     0x16ff
 *(.debug_loc)
 .debug_loc     0x00000000      0x804 HAL/lcd/LCD.o
 .debug_loc     0x00000804      0x252 HAL/led/LED.o
 .debug_loc     0x00000a56      0x949 MCAL/dio/dio.o
 .debug_loc     0x0000139f      0x1d0 MCAL/uart/uart.o
 .debug_loc     0x0000156f      0x190 Service/bcm/bcm.o

.debug_macinfo
 *(.debug_macinfo)

.debug_weaknames
 *(.debug_weaknames)

.debug_funcnames
 *(.debug_funcnames)

.debug_typenames
 *(.debug_typenames)

.debug_varnames
 *(.debug_varnames)

.debug_pubtypes
 *(.debug_pubtypes)

.debug_ranges   0x00000000      0x198
 *(.debug_ranges)
 .debug_ranges  0x00000000       0x28 APP/app.o
 .debug_ranges  0x00000028       0x50 HAL/lcd/LCD.o
 .debug_ranges  0x00000078       0x20 HAL/led/LED.o
 .debug_ranges  0x00000098       0x10 main.o
 .debug_ranges  0x000000a8       0x40 MCAL/dio/dio.o
 .debug_ranges  0x000000e8       0x68 MCAL/uart/uart.o
 .debug_ranges  0x00000150       0x48 Service/bcm/bcm.o

.debug_macro
 *(.debug_macro)
OUTPUT(Code.elf elf32-avr)
LOAD linker stubs
